// Jest Snapshot v1, https://goo.gl/fbAQLP

exports[`CrudCas on FsaCrud .put() can store a blob 1`] = `
{
  "/ed/46/2aae6c35c94fcfb415dbe95f408b9ce91ee846ed": "hello world",
}
`;

exports[`CrudCas on NodeCrud at in sub-folder .put() can store a blob 1`] = `
{
  "/a/b/c/ed/46/2aae6c35c94fcfb415dbe95f408b9ce91ee846ed": "hello world",
}
`;

exports[`CrudCas on NodeCrud at root .put() can store a blob 1`] = `
{
  "/ed/46/2aae6c35c94fcfb415dbe95f408b9ce91ee846ed": "hello world",
}
`;
